<?xml version="1.0"?>
<testsuites>
  <testsuite name="PhantomJS 1.9.8 (Windows 8)" package="" timestamp="2014-12-17T08:03:53" id="0" hostname="S003158" tests="16" errors="0" failures="0" time="0.084">
    <properties>
      <property name="browser.fullName" value="Mozilla/5.0 (Windows NT 6.2; WOW64) AppleWebKit/534.34 (KHTML, like Gecko) PhantomJS/1.9.8 Safari/534.34"/>
    </properties>
    <testcase name="should post variables from scope for guid, name and userName and process resulting events, and assign me to X" time="0.023" classname="PhantomJS 1.9.8 (Windows 8).Controller: CreateGameCtrl"/>
    <testcase name="Should add other player to game state when gameJoined" time="0.003" classname="PhantomJS 1.9.8 (Windows 8).Factory: TictacToeState"/>
    <testcase name="Should store game id and name from game created in game state." time="0.003" classname="PhantomJS 1.9.8 (Windows 8).Factory: TictacToeState"/>
    <testcase name="Should add moves 0,1 to game board" time="0.006" classname="PhantomJS 1.9.8 (Windows 8).Factory: TictacToeState"/>
    <testcase name="Should add move 2,2 to board." time="0.002" classname="PhantomJS 1.9.8 (Windows 8).Factory: TictacToeState"/>
    <testcase name="Should mark nextTurn as opposite from last event." time="0.002" classname="PhantomJS 1.9.8 (Windows 8).Factory: TictacToeState"/>
    <testcase name="Nextturn should default to X" time="0.003" classname="PhantomJS 1.9.8 (Windows 8).Factory: TictacToeState"/>
    <testcase name="GameWon should set nextTurn to GameOver" time="0.002" classname="PhantomJS 1.9.8 (Windows 8).Factory: TictacToeState"/>
    <testcase name="GameDraw should set nextTurn to GameOver" time="0.003" classname="PhantomJS 1.9.8 (Windows 8).Factory: TictacToeState"/>
    <testcase name="should ask to join game if game id already in scope, and assign me to O" time="0.014" classname="PhantomJS 1.9.8 (Windows 8).Controller: JoinGameCtrl"/>
    <testcase name="should attach a list of things to the scope" time="0.003" classname="PhantomJS 1.9.8 (Windows 8).Controller: MainCtrl"/>
    <testcase name="should generate join url" time="0.005" classname="PhantomJS 1.9.8 (Windows 8).Controller: TictactoeControllerCtrl"/>
    <testcase name="should init creator to side X" time="0.004" classname="PhantomJS 1.9.8 (Windows 8).Controller: TictactoeControllerCtrl"/>
    <testcase name="should init joiner to side O" time="0.003" classname="PhantomJS 1.9.8 (Windows 8).Controller: TictactoeControllerCtrl"/>
    <testcase name="should post side from current user X" time="0.004" classname="PhantomJS 1.9.8 (Windows 8).Controller: TictactoeControllerCtrl"/>
    <testcase name="should post side from current user O" time="0.004" classname="PhantomJS 1.9.8 (Windows 8).Controller: TictactoeControllerCtrl"/>
    <system-out><![CDATA[
]]></system-out>
    <system-err/>
  </testsuite>
</testsuites>
